// Jest Snapshot v1, https://goo.gl/fbAQLP

exports[`Navigation renders correctly 1`] = `
<div>
  <nav
    class="navbar navbar-expand-md navbar-light bg-princess-pink"
  >
    <a
      class="navbar-brand"
      data-testid="landing-page-link"
      href="/"
    >
      Game
    </a>
    <button
      class="mr-2 navbar-toggler"
      type="button"
    >
      <span
        class="navbar-toggler-icon"
      />
    </button>
    <div
      class="collapse navbar-collapse"
    >
      <ul
        class="navbar-nav"
      >
        <li
          class="nav-item"
        >
          <a
            class="nav-link"
            href="/about"
          >
            About
          </a>
        </li>
        <li
          class="nav-item"
        >
          <a
            class="nav-link"
            href="/profile"
          >
            Profile
          </a>
        </li>
      </ul>
    </div>
  </nav>
</div>
`;
