// Jest Snapshot v1, https://goo.gl/fbAQLP

exports[`StepFormGroup Renders a register form 1`] = `
<FormGroup
  tag="div"
>
  <Label
    for="email"
    tag="label"
    widths={
      Array [
        "xs",
        "sm",
        "md",
        "lg",
        "xl",
      ]
    }
  >
    Email label
  </Label>
  <Input
    name="email"
    placeholder="placeholder text"
    type="email"
  />
</FormGroup>
`;
