// Jest Snapshot v1, https://goo.gl/fbAQLP

exports[`WarGamesIntro renders correctly 1`] = `
<Link
  className="jumbotron-link"
  data-testid="game-start"
  replace={false}
  to="/game"
>
  <Jumbotron
    className="m-3"
    data-testid="main-content"
    tag="div"
  >
    <div
      className="p-3 wargames-dotty"
    >
      <Typist
        avgTypingDelay={70}
        className=""
        cursor={Object {}}
        delayGenerator={[Function]}
        onCharacterTyped={[Function]}
        onLineTyped={[Function]}
        onTypingDone={[Function]}
        startDelay={0}
        stdTypingDelay={25}
      >
        Games make mistakes.
        <div
          className="question"
        >
          SHALL WE PLAY A GAME?
        </div>
      </Typist>
    </div>
  </Jumbotron>
</Link>
`;
