// Jest Snapshot v1, https://goo.gl/fbAQLP

exports[`About renders the about page 1`] = `
<div>
  <main
    class="m-5"
    data-testid="about"
  >
    <h1>
      Game App
    </h1>
    <p
      data-testid="about-content"
    >
      A demo app of BDD built for RailsConf 2019
    </p>
  </main>
</div>
`;
