// Jest Snapshot v1, https://goo.gl/fbAQLP

exports[`Register renders text and a OurForm 1`] = `
<MainContainer
  dataTestId="register"
>
  <Row
    tag="div"
  >
    <Col
      md={
        Object {
          "offset": 3,
          "size": 6,
        }
      }
      sm="12"
      tag="div"
      widths={
        Array [
          "xs",
          "sm",
          "md",
          "lg",
          "xl",
        ]
      }
    >
      <Card
        tag="div"
      >
        <CardHeader
          tag="div"
        >
          <h1>
            Register
          </h1>
        </CardHeader>
        <CardBody
          tag="div"
        >
          <CardTitle
            tag="div"
          >
            <span>
              Register or 
            </span>
            <Link
              replace={false}
              to="/sign_in"
            >
              sign in with an existing account
            </Link>
          </CardTitle>
          <OurForm
            onSubmit={[Function]}
            profile={
              Object {
                "avatarUrl": "",
                "email": "",
                "handle": "",
              }
            }
            step="handle"
          />
        </CardBody>
      </Card>
    </Col>
  </Row>
</MainContainer>
`;
