// Jest Snapshot v1, https://goo.gl/fbAQLP

exports[`Register renders text and a OurForm 1`] = `
<MainContainer
  dataTestId="register"
>
  <h3>
    Please sign in or create a profile!
  </h3>
  <OurForm
    onSubmit={[Function]}
    profile={
      Object {
        "email": "",
        "handle": "",
      }
    }
    step="handle"
  />
  <Link
    className="btn"
    replace={false}
    to="/sign_in"
  >
    sign in with an existing account
  </Link>
</MainContainer>
`;
