// Jest Snapshot v1, https://goo.gl/fbAQLP

exports[`Routes renders correctly 1`] = `
<MainContainer>
  <Switch>
    <Route
      component={[Function]}
      exact={true}
      path="/"
    />
    <Route
      component={[Function]}
      exact={true}
      path="/profile"
    />
    <Route
      component={[Function]}
      exact={true}
      path="/game"
    />
    <Route
      component={[Function]}
      exact={true}
      path="/about"
    />
  </Switch>
</MainContainer>
`;
