// Jest Snapshot v1, https://goo.gl/fbAQLP

exports[`Profile handles invalid player being set 1`] = `
<Spinner
  color="primary"
  data-testid="profile-loading"
  tag="div"
  type="border"
>
  Loading...
</Spinner>
`;

exports[`Profile renders an error if profile fetch fails from localstorage the-id 1`] = `
<ErrorAlert
  errorMessage="500 - catastrophic failure in fetch the-id"
/>
`;

exports[`Profile renders correctly in loading state 1`] = `
<Spinner
  color="primary"
  data-testid="profile-loading"
  tag="div"
  type="border"
>
  Loading...
</Spinner>
`;

exports[`Profile renders profile as created as no player found 1`] = `
<Spinner
  color="primary"
  data-testid="profile-loading"
  tag="div"
  type="border"
>
  Loading...
</Spinner>
`;

exports[`Profile renders profile as returned from fetch the-id 1`] = `
<Spinner
  color="primary"
  data-testid="profile-loading"
  tag="div"
  type="border"
>
  Loading...
</Spinner>
`;
