// Jest Snapshot v1, https://goo.gl/fbAQLP

exports[`RegisterForm Renders a register form 1`] = `
<Form
  tag="form"
>
  <StepFormGroup
    label="Handle"
    placeholder="input a custom handle"
    step="handle"
  />
  <StepFormGroup
    label="Email"
    placeholder="input your email"
    step="email"
    type="email"
  />
  <ActionButton>
    Submit
  </ActionButton>
</Form>
`;
